08:14:37 **** Build of configuration Debug for project STM32H743XIH6_SOM_Bd ****
make -j16 all 
arm-none-eabi-gcc "C:/Users/rkdgu/STM32Cube/Repository/STM32Cube_FW_H7_V1.11.2/Drivers/STM32H7xx_HAL_Driver/Src/stm32h7xx_hal.c" -mcpu=cortex-m7 -std=gnu11 -g3 -DDEBUG -DUSE_HAL_DRIVER -DSTM32H743xx -c -I../Core/Inc -IC:/Users/rkdgu/STM32Cube/Repository/STM32Cube_FW_H7_V1.11.2/Drivers/STM32H7xx_HAL_Driver/Inc -IC:/Users/rkdgu/STM32Cube/Repository/STM32Cube_FW_H7_V1.11.2/Drivers/STM32H7xx_HAL_Driver/Inc/Legacy -IC:/Users/rkdgu/STM32Cube/Repository/STM32Cube_FW_H7_V1.11.2/Drivers/CMSIS/Device/ST/STM32H7xx/Include -IC:/Users/rkdgu/STM32Cube/Repository/STM32Cube_FW_H7_V1.11.2/Drivers/CMSIS/Include -O0 -ffunction-sections -fdata-sections -Wall -fstack-usage -fcyclomatic-complexity -MMD -MP -MF"Drivers/STM32H7xx_HAL_Driver/stm32h7xx_hal.d" -MT"Drivers/STM32H7xx_HAL_Driver/stm32h7xx_hal.o" --specs=nano.specs -mfpu=fpv5-d16 -mfloat-abi=hard -mthumb -o "Drivers/STM32H7xx_HAL_Driver/stm32h7xx_hal.o"
arm-none-eabi-gcc "C:/Users/rkdgu/STM32Cube/Repository/STM32Cube_FW_H7_V1.11.2/Drivers/STM32H7xx_HAL_Driver/Src/stm32h7xx_hal_cortex.c" -mcpu=cortex-m7 -std=gnu11 -g3 -DDEBUG -DUSE_HAL_DRIVER -DSTM32H743xx -c -I../Core/Inc -IC:/Users/rkdgu/STM32Cube/Repository/STM32Cube_FW_H7_V1.11.2/Drivers/STM32H7xx_HAL_Driver/Inc -IC:/Users/rkdgu/STM32Cube/Repository/STM32Cube_FW_H7_V1.11.2/Drivers/STM32H7xx_HAL_Driver/Inc/Legacy -IC:/Users/rkdgu/STM32Cube/Repository/STM32Cube_FW_H7_V1.11.2/Drivers/CMSIS/Device/ST/STM32H7xx/Include -IC:/Users/rkdgu/STM32Cube/Repository/STM32Cube_FW_H7_V1.11.2/Drivers/CMSIS/Include -O0 -ffunction-sections -fdata-sections -Wall -fstack-usage -fcyclomatic-complexity -MMD -MP -MF"Drivers/STM32H7xx_HAL_Driver/stm32h7xx_hal_cortex.d" -MT"Drivers/STM32H7xx_HAL_Driver/stm32h7xx_hal_cortex.o" --specs=nano.specs -mfpu=fpv5-d16 -mfloat-abi=hard -mthumb -o "Drivers/STM32H7xx_HAL_Driver/stm32h7xx_hal_cortex.o"
arm-none-eabi-gcc "C:/Users/rkdgu/STM32Cube/Repository/STM32Cube_FW_H7_V1.11.2/Drivers/STM32H7xx_HAL_Driver/Src/stm32h7xx_hal_dac.c" -mcpu=cortex-m7 -std=gnu11 -g3 -DDEBUG -DUSE_HAL_DRIVER -DSTM32H743xx -c -I../Core/Inc -IC:/Users/rkdgu/STM32Cube/Repository/STM32Cube_FW_H7_V1.11.2/Drivers/STM32H7xx_HAL_Driver/Inc -IC:/Users/rkdgu/STM32Cube/Repository/STM32Cube_FW_H7_V1.11.2/Drivers/STM32H7xx_HAL_Driver/Inc/Legacy -IC:/Users/rkdgu/STM32Cube/Repository/STM32Cube_FW_H7_V1.11.2/Drivers/CMSIS/Device/ST/STM32H7xx/Include -IC:/Users/rkdgu/STM32Cube/Repository/STM32Cube_FW_H7_V1.11.2/Drivers/CMSIS/Include -O0 -ffunction-sections -fdata-sections -Wall -fstack-usage -fcyclomatic-complexity -MMD -MP -MF"Drivers/STM32H7xx_HAL_Driver/stm32h7xx_hal_dac.d" -MT"Drivers/STM32H7xx_HAL_Driver/stm32h7xx_hal_dac.o" --specs=nano.specs -mfpu=fpv5-d16 -mfloat-abi=hard -mthumb -o "Drivers/STM32H7xx_HAL_Driver/stm32h7xx_hal_dac.o"
arm-none-eabi-gcc "C:/Users/rkdgu/STM32Cube/Repository/STM32Cube_FW_H7_V1.11.2/Drivers/STM32H7xx_HAL_Driver/Src/stm32h7xx_hal_dac_ex.c" -mcpu=cortex-m7 -std=gnu11 -g3 -DDEBUG -DUSE_HAL_DRIVER -DSTM32H743xx -c -I../Core/Inc -IC:/Users/rkdgu/STM32Cube/Repository/STM32Cube_FW_H7_V1.11.2/Drivers/STM32H7xx_HAL_Driver/Inc -IC:/Users/rkdgu/STM32Cube/Repository/STM32Cube_FW_H7_V1.11.2/Drivers/STM32H7xx_HAL_Driver/Inc/Legacy -IC:/Users/rkdgu/STM32Cube/Repository/STM32Cube_FW_H7_V1.11.2/Drivers/CMSIS/Device/ST/STM32H7xx/Include -IC:/Users/rkdgu/STM32Cube/Repository/STM32Cube_FW_H7_V1.11.2/Drivers/CMSIS/Include -O0 -ffunction-sections -fdata-sections -Wall -fstack-usage -fcyclomatic-complexity -MMD -MP -MF"Drivers/STM32H7xx_HAL_Driver/stm32h7xx_hal_dac_ex.d" -MT"Drivers/STM32H7xx_HAL_Driver/stm32h7xx_hal_dac_ex.o" --specs=nano.specs -mfpu=fpv5-d16 -mfloat-abi=hard -mthumb -o "Drivers/STM32H7xx_HAL_Driver/stm32h7xx_hal_dac_ex.o"
arm-none-eabi-gcc "C:/Users/rkdgu/STM32Cube/Repository/STM32Cube_FW_H7_V1.11.2/Drivers/STM32H7xx_HAL_Driver/Src/stm32h7xx_hal_dma.c" -mcpu=cortex-m7 -std=gnu11 -g3 -DDEBUG -DUSE_HAL_DRIVER -DSTM32H743xx -c -I../Core/Inc -IC:/Users/rkdgu/STM32Cube/Repository/STM32Cube_FW_H7_V1.11.2/Drivers/STM32H7xx_HAL_Driver/Inc -IC:/Users/rkdgu/STM32Cube/Repository/STM32Cube_FW_H7_V1.11.2/Drivers/STM32H7xx_HAL_Driver/Inc/Legacy -IC:/Users/rkdgu/STM32Cube/Repository/STM32Cube_FW_H7_V1.11.2/Drivers/CMSIS/Device/ST/STM32H7xx/Include -IC:/Users/rkdgu/STM32Cube/Repository/STM32Cube_FW_H7_V1.11.2/Drivers/CMSIS/Include -O0 -ffunction-sections -fdata-sections -Wall -fstack-usage -fcyclomatic-complexity -MMD -MP -MF"Drivers/STM32H7xx_HAL_Driver/stm32h7xx_hal_dma.d" -MT"Drivers/STM32H7xx_HAL_Driver/stm32h7xx_hal_dma.o" --specs=nano.specs -mfpu=fpv5-d16 -mfloat-abi=hard -mthumb -o "Drivers/STM32H7xx_HAL_Driver/stm32h7xx_hal_dma.o"
arm-none-eabi-gcc "C:/Users/rkdgu/STM32Cube/Repository/STM32Cube_FW_H7_V1.11.2/Drivers/STM32H7xx_HAL_Driver/Src/stm32h7xx_hal_dma_ex.c" -mcpu=cortex-m7 -std=gnu11 -g3 -DDEBUG -DUSE_HAL_DRIVER -DSTM32H743xx -c -I../Core/Inc -IC:/Users/rkdgu/STM32Cube/Repository/STM32Cube_FW_H7_V1.11.2/Drivers/STM32H7xx_HAL_Driver/Inc -IC:/Users/rkdgu/STM32Cube/Repository/STM32Cube_FW_H7_V1.11.2/Drivers/STM32H7xx_HAL_Driver/Inc/Legacy -IC:/Users/rkdgu/STM32Cube/Repository/STM32Cube_FW_H7_V1.11.2/Drivers/CMSIS/Device/ST/STM32H7xx/Include -IC:/Users/rkdgu/STM32Cube/Repository/STM32Cube_FW_H7_V1.11.2/Drivers/CMSIS/Include -O0 -ffunction-sections -fdata-sections -Wall -fstack-usage -fcyclomatic-complexity -MMD -MP -MF"Drivers/STM32H7xx_HAL_Driver/stm32h7xx_hal_dma_ex.d" -MT"Drivers/STM32H7xx_HAL_Driver/stm32h7xx_hal_dma_ex.o" --specs=nano.specs -mfpu=fpv5-d16 -mfloat-abi=hard -mthumb -o "Drivers/STM32H7xx_HAL_Driver/stm32h7xx_hal_dma_ex.o"
arm-none-eabi-gcc "C:/Users/rkdgu/STM32Cube/Repository/STM32Cube_FW_H7_V1.11.2/Drivers/STM32H7xx_HAL_Driver/Src/stm32h7xx_hal_exti.c" -mcpu=cortex-m7 -std=gnu11 -g3 -DDEBUG -DUSE_HAL_DRIVER -DSTM32H743xx -c -I../Core/Inc -IC:/Users/rkdgu/STM32Cube/Repository/STM32Cube_FW_H7_V1.11.2/Drivers/STM32H7xx_HAL_Driver/Inc -IC:/Users/rkdgu/STM32Cube/Repository/STM32Cube_FW_H7_V1.11.2/Drivers/STM32H7xx_HAL_Driver/Inc/Legacy -IC:/Users/rkdgu/STM32Cube/Repository/STM32Cube_FW_H7_V1.11.2/Drivers/CMSIS/Device/ST/STM32H7xx/Include -IC:/Users/rkdgu/STM32Cube/Repository/STM32Cube_FW_H7_V1.11.2/Drivers/CMSIS/Include -O0 -ffunction-sections -fdata-sections -Wall -fstack-usage -fcyclomatic-complexity -MMD -MP -MF"Drivers/STM32H7xx_HAL_Driver/stm32h7xx_hal_exti.d" -MT"Drivers/STM32H7xx_HAL_Driver/stm32h7xx_hal_exti.o" --specs=nano.specs -mfpu=fpv5-d16 -mfloat-abi=hard -mthumb -o "Drivers/STM32H7xx_HAL_Driver/stm32h7xx_hal_exti.o"
arm-none-eabi-gcc "C:/Users/rkdgu/STM32Cube/Repository/STM32Cube_FW_H7_V1.11.2/Drivers/STM32H7xx_HAL_Driver/Src/stm32h7xx_hal_fdcan.c" -mcpu=cortex-m7 -std=gnu11 -g3 -DDEBUG -DUSE_HAL_DRIVER -DSTM32H743xx -c -I../Core/Inc -IC:/Users/rkdgu/STM32Cube/Repository/STM32Cube_FW_H7_V1.11.2/Drivers/STM32H7xx_HAL_Driver/Inc -IC:/Users/rkdgu/STM32Cube/Repository/STM32Cube_FW_H7_V1.11.2/Drivers/STM32H7xx_HAL_Driver/Inc/Legacy -IC:/Users/rkdgu/STM32Cube/Repository/STM32Cube_FW_H7_V1.11.2/Drivers/CMSIS/Device/ST/STM32H7xx/Include -IC:/Users/rkdgu/STM32Cube/Repository/STM32Cube_FW_H7_V1.11.2/Drivers/CMSIS/Include -O0 -ffunction-sections -fdata-sections -Wall -fstack-usage -fcyclomatic-complexity -MMD -MP -MF"Drivers/STM32H7xx_HAL_Driver/stm32h7xx_hal_fdcan.d" -MT"Drivers/STM32H7xx_HAL_Driver/stm32h7xx_hal_fdcan.o" --specs=nano.specs -mfpu=fpv5-d16 -mfloat-abi=hard -mthumb -o "Drivers/STM32H7xx_HAL_Driver/stm32h7xx_hal_fdcan.o"
arm-none-eabi-gcc "C:/Users/rkdgu/STM32Cube/Repository/STM32Cube_FW_H7_V1.11.2/Drivers/STM32H7xx_HAL_Driver/Src/stm32h7xx_hal_flash.c" -mcpu=cortex-m7 -std=gnu11 -g3 -DDEBUG -DUSE_HAL_DRIVER -DSTM32H743xx -c -I../Core/Inc -IC:/Users/rkdgu/STM32Cube/Repository/STM32Cube_FW_H7_V1.11.2/Drivers/STM32H7xx_HAL_Driver/Inc -IC:/Users/rkdgu/STM32Cube/Repository/STM32Cube_FW_H7_V1.11.2/Drivers/STM32H7xx_HAL_Driver/Inc/Legacy -IC:/Users/rkdgu/STM32Cube/Repository/STM32Cube_FW_H7_V1.11.2/Drivers/CMSIS/Device/ST/STM32H7xx/Include -IC:/Users/rkdgu/STM32Cube/Repository/STM32Cube_FW_H7_V1.11.2/Drivers/CMSIS/Include -O0 -ffunction-sections -fdata-sections -Wall -fstack-usage -fcyclomatic-complexity -MMD -MP -MF"Drivers/STM32H7xx_HAL_Driver/stm32h7xx_hal_flash.d" -MT"Drivers/STM32H7xx_HAL_Driver/stm32h7xx_hal_flash.o" --specs=nano.specs -mfpu=fpv5-d16 -mfloat-abi=hard -mthumb -o "Drivers/STM32H7xx_HAL_Driver/stm32h7xx_hal_flash.o"
arm-none-eabi-gcc "C:/Users/rkdgu/STM32Cube/Repository/STM32Cube_FW_H7_V1.11.2/Drivers/STM32H7xx_HAL_Driver/Src/stm32h7xx_hal_flash_ex.c" -mcpu=cortex-m7 -std=gnu11 -g3 -DDEBUG -DUSE_HAL_DRIVER -DSTM32H743xx -c -I../Core/Inc -IC:/Users/rkdgu/STM32Cube/Repository/STM32Cube_FW_H7_V1.11.2/Drivers/STM32H7xx_HAL_Driver/Inc -IC:/Users/rkdgu/STM32Cube/Repository/STM32Cube_FW_H7_V1.11.2/Drivers/STM32H7xx_HAL_Driver/Inc/Legacy -IC:/Users/rkdgu/STM32Cube/Repository/STM32Cube_FW_H7_V1.11.2/Drivers/CMSIS/Device/ST/STM32H7xx/Include -IC:/Users/rkdgu/STM32Cube/Repository/STM32Cube_FW_H7_V1.11.2/Drivers/CMSIS/Include -O0 -ffunction-sections -fdata-sections -Wall -fstack-usage -fcyclomatic-complexity -MMD -MP -MF"Drivers/STM32H7xx_HAL_Driver/stm32h7xx_hal_flash_ex.d" -MT"Drivers/STM32H7xx_HAL_Driver/stm32h7xx_hal_flash_ex.o" --specs=nano.specs -mfpu=fpv5-d16 -mfloat-abi=hard -mthumb -o "Drivers/STM32H7xx_HAL_Driver/stm32h7xx_hal_flash_ex.o"
arm-none-eabi-gcc "C:/Users/rkdgu/STM32Cube/Repository/STM32Cube_FW_H7_V1.11.2/Drivers/STM32H7xx_HAL_Driver/Src/stm32h7xx_hal_gpio.c" -mcpu=cortex-m7 -std=gnu11 -g3 -DDEBUG -DUSE_HAL_DRIVER -DSTM32H743xx -c -I../Core/Inc -IC:/Users/rkdgu/STM32Cube/Repository/STM32Cube_FW_H7_V1.11.2/Drivers/STM32H7xx_HAL_Driver/Inc -IC:/Users/rkdgu/STM32Cube/Repository/STM32Cube_FW_H7_V1.11.2/Drivers/STM32H7xx_HAL_Driver/Inc/Legacy -IC:/Users/rkdgu/STM32Cube/Repository/STM32Cube_FW_H7_V1.11.2/Drivers/CMSIS/Device/ST/STM32H7xx/Include -IC:/Users/rkdgu/STM32Cube/Repository/STM32Cube_FW_H7_V1.11.2/Drivers/CMSIS/Include -O0 -ffunction-sections -fdata-sections -Wall -fstack-usage -fcyclomatic-complexity -MMD -MP -MF"Drivers/STM32H7xx_HAL_Driver/stm32h7xx_hal_gpio.d" -MT"Drivers/STM32H7xx_HAL_Driver/stm32h7xx_hal_gpio.o" --specs=nano.specs -mfpu=fpv5-d16 -mfloat-abi=hard -mthumb -o "Drivers/STM32H7xx_HAL_Driver/stm32h7xx_hal_gpio.o"
arm-none-eabi-gcc "C:/Users/rkdgu/STM32Cube/Repository/STM32Cube_FW_H7_V1.11.2/Drivers/STM32H7xx_HAL_Driver/Src/stm32h7xx_hal_hsem.c" -mcpu=cortex-m7 -std=gnu11 -g3 -DDEBUG -DUSE_HAL_DRIVER -DSTM32H743xx -c -I../Core/Inc -IC:/Users/rkdgu/STM32Cube/Repository/STM32Cube_FW_H7_V1.11.2/Drivers/STM32H7xx_HAL_Driver/Inc -IC:/Users/rkdgu/STM32Cube/Repository/STM32Cube_FW_H7_V1.11.2/Drivers/STM32H7xx_HAL_Driver/Inc/Legacy -IC:/Users/rkdgu/STM32Cube/Repository/STM32Cube_FW_H7_V1.11.2/Drivers/CMSIS/Device/ST/STM32H7xx/Include -IC:/Users/rkdgu/STM32Cube/Repository/STM32Cube_FW_H7_V1.11.2/Drivers/CMSIS/Include -O0 -ffunction-sections -fdata-sections -Wall -fstack-usage -fcyclomatic-complexity -MMD -MP -MF"Drivers/STM32H7xx_HAL_Driver/stm32h7xx_hal_hsem.d" -MT"Drivers/STM32H7xx_HAL_Driver/stm32h7xx_hal_hsem.o" --specs=nano.specs -mfpu=fpv5-d16 -mfloat-abi=hard -mthumb -o "Drivers/STM32H7xx_HAL_Driver/stm32h7xx_hal_hsem.o"
arm-none-eabi-gcc "C:/Users/rkdgu/STM32Cube/Repository/STM32Cube_FW_H7_V1.11.2/Drivers/STM32H7xx_HAL_Driver/Src/stm32h7xx_hal_i2c.c" -mcpu=cortex-m7 -std=gnu11 -g3 -DDEBUG -DUSE_HAL_DRIVER -DSTM32H743xx -c -I../Core/Inc -IC:/Users/rkdgu/STM32Cube/Repository/STM32Cube_FW_H7_V1.11.2/Drivers/STM32H7xx_HAL_Driver/Inc -IC:/Users/rkdgu/STM32Cube/Repository/STM32Cube_FW_H7_V1.11.2/Drivers/STM32H7xx_HAL_Driver/Inc/Legacy -IC:/Users/rkdgu/STM32Cube/Repository/STM32Cube_FW_H7_V1.11.2/Drivers/CMSIS/Device/ST/STM32H7xx/Include -IC:/Users/rkdgu/STM32Cube/Repository/STM32Cube_FW_H7_V1.11.2/Drivers/CMSIS/Include -O0 -ffunction-sections -fdata-sections -Wall -fstack-usage -fcyclomatic-complexity -MMD -MP -MF"Drivers/STM32H7xx_HAL_Driver/stm32h7xx_hal_i2c.d" -MT"Drivers/STM32H7xx_HAL_Driver/stm32h7xx_hal_i2c.o" --specs=nano.specs -mfpu=fpv5-d16 -mfloat-abi=hard -mthumb -o "Drivers/STM32H7xx_HAL_Driver/stm32h7xx_hal_i2c.o"
arm-none-eabi-gcc "C:/Users/rkdgu/STM32Cube/Repository/STM32Cube_FW_H7_V1.11.2/Drivers/STM32H7xx_HAL_Driver/Src/stm32h7xx_hal_i2c_ex.c" -mcpu=cortex-m7 -std=gnu11 -g3 -DDEBUG -DUSE_HAL_DRIVER -DSTM32H743xx -c -I../Core/Inc -IC:/Users/rkdgu/STM32Cube/Repository/STM32Cube_FW_H7_V1.11.2/Drivers/STM32H7xx_HAL_Driver/Inc -IC:/Users/rkdgu/STM32Cube/Repository/STM32Cube_FW_H7_V1.11.2/Drivers/STM32H7xx_HAL_Driver/Inc/Legacy -IC:/Users/rkdgu/STM32Cube/Repository/STM32Cube_FW_H7_V1.11.2/Drivers/CMSIS/Device/ST/STM32H7xx/Include -IC:/Users/rkdgu/STM32Cube/Repository/STM32Cube_FW_H7_V1.11.2/Drivers/CMSIS/Include -O0 -ffunction-sections -fdata-sections -Wall -fstack-usage -fcyclomatic-complexity -MMD -MP -MF"Drivers/STM32H7xx_HAL_Driver/stm32h7xx_hal_i2c_ex.d" -MT"Drivers/STM32H7xx_HAL_Driver/stm32h7xx_hal_i2c_ex.o" --specs=nano.specs -mfpu=fpv5-d16 -mfloat-abi=hard -mthumb -o "Drivers/STM32H7xx_HAL_Driver/stm32h7xx_hal_i2c_ex.o"
arm-none-eabi-gcc "C:/Users/rkdgu/STM32Cube/Repository/STM32Cube_FW_H7_V1.11.2/Drivers/STM32H7xx_HAL_Driver/Src/stm32h7xx_hal_i2s.c" -mcpu=cortex-m7 -std=gnu11 -g3 -DDEBUG -DUSE_HAL_DRIVER -DSTM32H743xx -c -I../Core/Inc -IC:/Users/rkdgu/STM32Cube/Repository/STM32Cube_FW_H7_V1.11.2/Drivers/STM32H7xx_HAL_Driver/Inc -IC:/Users/rkdgu/STM32Cube/Repository/STM32Cube_FW_H7_V1.11.2/Drivers/STM32H7xx_HAL_Driver/Inc/Legacy -IC:/Users/rkdgu/STM32Cube/Repository/STM32Cube_FW_H7_V1.11.2/Drivers/CMSIS/Device/ST/STM32H7xx/Include -IC:/Users/rkdgu/STM32Cube/Repository/STM32Cube_FW_H7_V1.11.2/Drivers/CMSIS/Include -O0 -ffunction-sections -fdata-sections -Wall -fstack-usage -fcyclomatic-complexity -MMD -MP -MF"Drivers/STM32H7xx_HAL_Driver/stm32h7xx_hal_i2s.d" -MT"Drivers/STM32H7xx_HAL_Driver/stm32h7xx_hal_i2s.o" --specs=nano.specs -mfpu=fpv5-d16 -mfloat-abi=hard -mthumb -o "Drivers/STM32H7xx_HAL_Driver/stm32h7xx_hal_i2s.o"
arm-none-eabi-gcc "C:/Users/rkdgu/STM32Cube/Repository/STM32Cube_FW_H7_V1.11.2/Drivers/STM32H7xx_HAL_Driver/Src/stm32h7xx_hal_i2s_ex.c" -mcpu=cortex-m7 -std=gnu11 -g3 -DDEBUG -DUSE_HAL_DRIVER -DSTM32H743xx -c -I../Core/Inc -IC:/Users/rkdgu/STM32Cube/Repository/STM32Cube_FW_H7_V1.11.2/Drivers/STM32H7xx_HAL_Driver/Inc -IC:/Users/rkdgu/STM32Cube/Repository/STM32Cube_FW_H7_V1.11.2/Drivers/STM32H7xx_HAL_Driver/Inc/Legacy -IC:/Users/rkdgu/STM32Cube/Repository/STM32Cube_FW_H7_V1.11.2/Drivers/CMSIS/Device/ST/STM32H7xx/Include -IC:/Users/rkdgu/STM32Cube/Repository/STM32Cube_FW_H7_V1.11.2/Drivers/CMSIS/Include -O0 -ffunction-sections -fdata-sections -Wall -fstack-usage -fcyclomatic-complexity -MMD -MP -MF"Drivers/STM32H7xx_HAL_Driver/stm32h7xx_hal_i2s_ex.d" -MT"Drivers/STM32H7xx_HAL_Driver/stm32h7xx_hal_i2s_ex.o" --specs=nano.specs -mfpu=fpv5-d16 -mfloat-abi=hard -mthumb -o "Drivers/STM32H7xx_HAL_Driver/stm32h7xx_hal_i2s_ex.o"
arm-none-eabi-gcc "C:/Users/rkdgu/STM32Cube/Repository/STM32Cube_FW_H7_V1.11.2/Drivers/STM32H7xx_HAL_Driver/Src/stm32h7xx_hal_mdma.c" -mcpu=cortex-m7 -std=gnu11 -g3 -DDEBUG -DUSE_HAL_DRIVER -DSTM32H743xx -c -I../Core/Inc -IC:/Users/rkdgu/STM32Cube/Repository/STM32Cube_FW_H7_V1.11.2/Drivers/STM32H7xx_HAL_Driver/Inc -IC:/Users/rkdgu/STM32Cube/Repository/STM32Cube_FW_H7_V1.11.2/Drivers/STM32H7xx_HAL_Driver/Inc/Legacy -IC:/Users/rkdgu/STM32Cube/Repository/STM32Cube_FW_H7_V1.11.2/Drivers/CMSIS/Device/ST/STM32H7xx/Include -IC:/Users/rkdgu/STM32Cube/Repository/STM32Cube_FW_H7_V1.11.2/Drivers/CMSIS/Include -O0 -ffunction-sections -fdata-sections -Wall -fstack-usage -fcyclomatic-complexity -MMD -MP -MF"Drivers/STM32H7xx_HAL_Driver/stm32h7xx_hal_mdma.d" -MT"Drivers/STM32H7xx_HAL_Driver/stm32h7xx_hal_mdma.o" --specs=nano.specs -mfpu=fpv5-d16 -mfloat-abi=hard -mthumb -o "Drivers/STM32H7xx_HAL_Driver/stm32h7xx_hal_mdma.o"
arm-none-eabi-gcc "C:/Users/rkdgu/STM32Cube/Repository/STM32Cube_FW_H7_V1.11.2/Drivers/STM32H7xx_HAL_Driver/Src/stm32h7xx_hal_opamp.c" -mcpu=cortex-m7 -std=gnu11 -g3 -DDEBUG -DUSE_HAL_DRIVER -DSTM32H743xx -c -I../Core/Inc -IC:/Users/rkdgu/STM32Cube/Repository/STM32Cube_FW_H7_V1.11.2/Drivers/STM32H7xx_HAL_Driver/Inc -IC:/Users/rkdgu/STM32Cube/Repository/STM32Cube_FW_H7_V1.11.2/Drivers/STM32H7xx_HAL_Driver/Inc/Legacy -IC:/Users/rkdgu/STM32Cube/Repository/STM32Cube_FW_H7_V1.11.2/Drivers/CMSIS/Device/ST/STM32H7xx/Include -IC:/Users/rkdgu/STM32Cube/Repository/STM32Cube_FW_H7_V1.11.2/Drivers/CMSIS/Include -O0 -ffunction-sections -fdata-sections -Wall -fstack-usage -fcyclomatic-complexity -MMD -MP -MF"Drivers/STM32H7xx_HAL_Driver/stm32h7xx_hal_opamp.d" -MT"Drivers/STM32H7xx_HAL_Driver/stm32h7xx_hal_opamp.o" --specs=nano.specs -mfpu=fpv5-d16 -mfloat-abi=hard -mthumb -o "Drivers/STM32H7xx_HAL_Driver/stm32h7xx_hal_opamp.o"
arm-none-eabi-gcc "C:/Users/rkdgu/STM32Cube/Repository/STM32Cube_FW_H7_V1.11.2/Drivers/STM32H7xx_HAL_Driver/Src/stm32h7xx_hal_opamp_ex.c" -mcpu=cortex-m7 -std=gnu11 -g3 -DDEBUG -DUSE_HAL_DRIVER -DSTM32H743xx -c -I../Core/Inc -IC:/Users/rkdgu/STM32Cube/Repository/STM32Cube_FW_H7_V1.11.2/Drivers/STM32H7xx_HAL_Driver/Inc -IC:/Users/rkdgu/STM32Cube/Repository/STM32Cube_FW_H7_V1.11.2/Drivers/STM32H7xx_HAL_Driver/Inc/Legacy -IC:/Users/rkdgu/STM32Cube/Repository/STM32Cube_FW_H7_V1.11.2/Drivers/CMSIS/Device/ST/STM32H7xx/Include -IC:/Users/rkdgu/STM32Cube/Repository/STM32Cube_FW_H7_V1.11.2/Drivers/CMSIS/Include -O0 -ffunction-sections -fdata-sections -Wall -fstack-usage -fcyclomatic-complexity -MMD -MP -MF"Drivers/STM32H7xx_HAL_Driver/stm32h7xx_hal_opamp_ex.d" -MT"Drivers/STM32H7xx_HAL_Driver/stm32h7xx_hal_opamp_ex.o" --specs=nano.specs -mfpu=fpv5-d16 -mfloat-abi=hard -mthumb -o "Drivers/STM32H7xx_HAL_Driver/stm32h7xx_hal_opamp_ex.o"
arm-none-eabi-gcc "C:/Users/rkdgu/STM32Cube/Repository/STM32Cube_FW_H7_V1.11.2/Drivers/STM32H7xx_HAL_Driver/Src/stm32h7xx_hal_pwr.c" -mcpu=cortex-m7 -std=gnu11 -g3 -DDEBUG -DUSE_HAL_DRIVER -DSTM32H743xx -c -I../Core/Inc -IC:/Users/rkdgu/STM32Cube/Repository/STM32Cube_FW_H7_V1.11.2/Drivers/STM32H7xx_HAL_Driver/Inc -IC:/Users/rkdgu/STM32Cube/Repository/STM32Cube_FW_H7_V1.11.2/Drivers/STM32H7xx_HAL_Driver/Inc/Legacy -IC:/Users/rkdgu/STM32Cube/Repository/STM32Cube_FW_H7_V1.11.2/Drivers/CMSIS/Device/ST/STM32H7xx/Include -IC:/Users/rkdgu/STM32Cube/Repository/STM32Cube_FW_H7_V1.11.2/Drivers/CMSIS/Include -O0 -ffunction-sections -fdata-sections -Wall -fstack-usage -fcyclomatic-complexity -MMD -MP -MF"Drivers/STM32H7xx_HAL_Driver/stm32h7xx_hal_pwr.d" -MT"Drivers/STM32H7xx_HAL_Driver/stm32h7xx_hal_pwr.o" --specs=nano.specs -mfpu=fpv5-d16 -mfloat-abi=hard -mthumb -o "Drivers/STM32H7xx_HAL_Driver/stm32h7xx_hal_pwr.o"
arm-none-eabi-gcc "C:/Users/rkdgu/STM32Cube/Repository/STM32Cube_FW_H7_V1.11.2/Drivers/STM32H7xx_HAL_Driver/Src/stm32h7xx_hal_pwr_ex.c" -mcpu=cortex-m7 -std=gnu11 -g3 -DDEBUG -DUSE_HAL_DRIVER -DSTM32H743xx -c -I../Core/Inc -IC:/Users/rkdgu/STM32Cube/Repository/STM32Cube_FW_H7_V1.11.2/Drivers/STM32H7xx_HAL_Driver/Inc -IC:/Users/rkdgu/STM32Cube/Repository/STM32Cube_FW_H7_V1.11.2/Drivers/STM32H7xx_HAL_Driver/Inc/Legacy -IC:/Users/rkdgu/STM32Cube/Repository/STM32Cube_FW_H7_V1.11.2/Drivers/CMSIS/Device/ST/STM32H7xx/Include -IC:/Users/rkdgu/STM32Cube/Repository/STM32Cube_FW_H7_V1.11.2/Drivers/CMSIS/Include -O0 -ffunction-sections -fdata-sections -Wall -fstack-usage -fcyclomatic-complexity -MMD -MP -MF"Drivers/STM32H7xx_HAL_Driver/stm32h7xx_hal_pwr_ex.d" -MT"Drivers/STM32H7xx_HAL_Driver/stm32h7xx_hal_pwr_ex.o" --specs=nano.specs -mfpu=fpv5-d16 -mfloat-abi=hard -mthumb -o "Drivers/STM32H7xx_HAL_Driver/stm32h7xx_hal_pwr_ex.o"
arm-none-eabi-gcc "C:/Users/rkdgu/STM32Cube/Repository/STM32Cube_FW_H7_V1.11.2/Drivers/STM32H7xx_HAL_Driver/Src/stm32h7xx_hal_rcc.c" -mcpu=cortex-m7 -std=gnu11 -g3 -DDEBUG -DUSE_HAL_DRIVER -DSTM32H743xx -c -I../Core/Inc -IC:/Users/rkdgu/STM32Cube/Repository/STM32Cube_FW_H7_V1.11.2/Drivers/STM32H7xx_HAL_Driver/Inc -IC:/Users/rkdgu/STM32Cube/Repository/STM32Cube_FW_H7_V1.11.2/Drivers/STM32H7xx_HAL_Driver/Inc/Legacy -IC:/Users/rkdgu/STM32Cube/Repository/STM32Cube_FW_H7_V1.11.2/Drivers/CMSIS/Device/ST/STM32H7xx/Include -IC:/Users/rkdgu/STM32Cube/Repository/STM32Cube_FW_H7_V1.11.2/Drivers/CMSIS/Include -O0 -ffunction-sections -fdata-sections -Wall -fstack-usage -fcyclomatic-complexity -MMD -MP -MF"Drivers/STM32H7xx_HAL_Driver/stm32h7xx_hal_rcc.d" -MT"Drivers/STM32H7xx_HAL_Driver/stm32h7xx_hal_rcc.o" --specs=nano.specs -mfpu=fpv5-d16 -mfloat-abi=hard -mthumb -o "Drivers/STM32H7xx_HAL_Driver/stm32h7xx_hal_rcc.o"
arm-none-eabi-gcc "C:/Users/rkdgu/STM32Cube/Repository/STM32Cube_FW_H7_V1.11.2/Drivers/STM32H7xx_HAL_Driver/Src/stm32h7xx_hal_rcc_ex.c" -mcpu=cortex-m7 -std=gnu11 -g3 -DDEBUG -DUSE_HAL_DRIVER -DSTM32H743xx -c -I../Core/Inc -IC:/Users/rkdgu/STM32Cube/Repository/STM32Cube_FW_H7_V1.11.2/Drivers/STM32H7xx_HAL_Driver/Inc -IC:/Users/rkdgu/STM32Cube/Repository/STM32Cube_FW_H7_V1.11.2/Drivers/STM32H7xx_HAL_Driver/Inc/Legacy -IC:/Users/rkdgu/STM32Cube/Repository/STM32Cube_FW_H7_V1.11.2/Drivers/CMSIS/Device/ST/STM32H7xx/Include -IC:/Users/rkdgu/STM32Cube/Repository/STM32Cube_FW_H7_V1.11.2/Drivers/CMSIS/Include -O0 -ffunction-sections -fdata-sections -Wall -fstack-usage -fcyclomatic-complexity -MMD -MP -MF"Drivers/STM32H7xx_HAL_Driver/stm32h7xx_hal_rcc_ex.d" -MT"Drivers/STM32H7xx_HAL_Driver/stm32h7xx_hal_rcc_ex.o" --specs=nano.specs -mfpu=fpv5-d16 -mfloat-abi=hard -mthumb -o "Drivers/STM32H7xx_HAL_Driver/stm32h7xx_hal_rcc_ex.o"
arm-none-eabi-gcc "C:/Users/rkdgu/STM32Cube/Repository/STM32Cube_FW_H7_V1.11.2/Drivers/STM32H7xx_HAL_Driver/Src/stm32h7xx_hal_sd.c" -mcpu=cortex-m7 -std=gnu11 -g3 -DDEBUG -DUSE_HAL_DRIVER -DSTM32H743xx -c -I../Core/Inc -IC:/Users/rkdgu/STM32Cube/Repository/STM32Cube_FW_H7_V1.11.2/Drivers/STM32H7xx_HAL_Driver/Inc -IC:/Users/rkdgu/STM32Cube/Repository/STM32Cube_FW_H7_V1.11.2/Drivers/STM32H7xx_HAL_Driver/Inc/Legacy -IC:/Users/rkdgu/STM32Cube/Repository/STM32Cube_FW_H7_V1.11.2/Drivers/CMSIS/Device/ST/STM32H7xx/Include -IC:/Users/rkdgu/STM32Cube/Repository/STM32Cube_FW_H7_V1.11.2/Drivers/CMSIS/Include -O0 -ffunction-sections -fdata-sections -Wall -fstack-usage -fcyclomatic-complexity -MMD -MP -MF"Drivers/STM32H7xx_HAL_Driver/stm32h7xx_hal_sd.d" -MT"Drivers/STM32H7xx_HAL_Driver/stm32h7xx_hal_sd.o" --specs=nano.specs -mfpu=fpv5-d16 -mfloat-abi=hard -mthumb -o "Drivers/STM32H7xx_HAL_Driver/stm32h7xx_hal_sd.o"
arm-none-eabi-gcc "C:/Users/rkdgu/STM32Cube/Repository/STM32Cube_FW_H7_V1.11.2/Drivers/STM32H7xx_HAL_Driver/Src/stm32h7xx_hal_sd_ex.c" -mcpu=cortex-m7 -std=gnu11 -g3 -DDEBUG -DUSE_HAL_DRIVER -DSTM32H743xx -c -I../Core/Inc -IC:/Users/rkdgu/STM32Cube/Repository/STM32Cube_FW_H7_V1.11.2/Drivers/STM32H7xx_HAL_Driver/Inc -IC:/Users/rkdgu/STM32Cube/Repository/STM32Cube_FW_H7_V1.11.2/Drivers/STM32H7xx_HAL_Driver/Inc/Legacy -IC:/Users/rkdgu/STM32Cube/Repository/STM32Cube_FW_H7_V1.11.2/Drivers/CMSIS/Device/ST/STM32H7xx/Include -IC:/Users/rkdgu/STM32Cube/Repository/STM32Cube_FW_H7_V1.11.2/Drivers/CMSIS/Include -O0 -ffunction-sections -fdata-sections -Wall -fstack-usage -fcyclomatic-complexity -MMD -MP -MF"Drivers/STM32H7xx_HAL_Driver/stm32h7xx_hal_sd_ex.d" -MT"Drivers/STM32H7xx_HAL_Driver/stm32h7xx_hal_sd_ex.o" --specs=nano.specs -mfpu=fpv5-d16 -mfloat-abi=hard -mthumb -o "Drivers/STM32H7xx_HAL_Driver/stm32h7xx_hal_sd_ex.o"
arm-none-eabi-gcc "C:/Users/rkdgu/STM32Cube/Repository/STM32Cube_FW_H7_V1.11.2/Drivers/STM32H7xx_HAL_Driver/Src/stm32h7xx_hal_spi.c" -mcpu=cortex-m7 -std=gnu11 -g3 -DDEBUG -DUSE_HAL_DRIVER -DSTM32H743xx -c -I../Core/Inc -IC:/Users/rkdgu/STM32Cube/Repository/STM32Cube_FW_H7_V1.11.2/Drivers/STM32H7xx_HAL_Driver/Inc -IC:/Users/rkdgu/STM32Cube/Repository/STM32Cube_FW_H7_V1.11.2/Drivers/STM32H7xx_HAL_Driver/Inc/Legacy -IC:/Users/rkdgu/STM32Cube/Repository/STM32Cube_FW_H7_V1.11.2/Drivers/CMSIS/Device/ST/STM32H7xx/Include -IC:/Users/rkdgu/STM32Cube/Repository/STM32Cube_FW_H7_V1.11.2/Drivers/CMSIS/Include -O0 -ffunction-sections -fdata-sections -Wall -fstack-usage -fcyclomatic-complexity -MMD -MP -MF"Drivers/STM32H7xx_HAL_Driver/stm32h7xx_hal_spi.d" -MT"Drivers/STM32H7xx_HAL_Driver/stm32h7xx_hal_spi.o" --specs=nano.specs -mfpu=fpv5-d16 -mfloat-abi=hard -mthumb -o "Drivers/STM32H7xx_HAL_Driver/stm32h7xx_hal_spi.o"
arm-none-eabi-gcc "C:/Users/rkdgu/STM32Cube/Repository/STM32Cube_FW_H7_V1.11.2/Drivers/STM32H7xx_HAL_Driver/Src/stm32h7xx_hal_spi_ex.c" -mcpu=cortex-m7 -std=gnu11 -g3 -DDEBUG -DUSE_HAL_DRIVER -DSTM32H743xx -c -I../Core/Inc -IC:/Users/rkdgu/STM32Cube/Repository/STM32Cube_FW_H7_V1.11.2/Drivers/STM32H7xx_HAL_Driver/Inc -IC:/Users/rkdgu/STM32Cube/Repository/STM32Cube_FW_H7_V1.11.2/Drivers/STM32H7xx_HAL_Driver/Inc/Legacy -IC:/Users/rkdgu/STM32Cube/Repository/STM32Cube_FW_H7_V1.11.2/Drivers/CMSIS/Device/ST/STM32H7xx/Include -IC:/Users/rkdgu/STM32Cube/Repository/STM32Cube_FW_H7_V1.11.2/Drivers/CMSIS/Include -O0 -ffunction-sections -fdata-sections -Wall -fstack-usage -fcyclomatic-complexity -MMD -MP -MF"Drivers/STM32H7xx_HAL_Driver/stm32h7xx_hal_spi_ex.d" -MT"Drivers/STM32H7xx_HAL_Driver/stm32h7xx_hal_spi_ex.o" --specs=nano.specs -mfpu=fpv5-d16 -mfloat-abi=hard -mthumb -o "Drivers/STM32H7xx_HAL_Driver/stm32h7xx_hal_spi_ex.o"
arm-none-eabi-gcc "C:/Users/rkdgu/STM32Cube/Repository/STM32Cube_FW_H7_V1.11.2/Drivers/STM32H7xx_HAL_Driver/Src/stm32h7xx_hal_tim.c" -mcpu=cortex-m7 -std=gnu11 -g3 -DDEBUG -DUSE_HAL_DRIVER -DSTM32H743xx -c -I../Core/Inc -IC:/Users/rkdgu/STM32Cube/Repository/STM32Cube_FW_H7_V1.11.2/Drivers/STM32H7xx_HAL_Driver/Inc -IC:/Users/rkdgu/STM32Cube/Repository/STM32Cube_FW_H7_V1.11.2/Drivers/STM32H7xx_HAL_Driver/Inc/Legacy -IC:/Users/rkdgu/STM32Cube/Repository/STM32Cube_FW_H7_V1.11.2/Drivers/CMSIS/Device/ST/STM32H7xx/Include -IC:/Users/rkdgu/STM32Cube/Repository/STM32Cube_FW_H7_V1.11.2/Drivers/CMSIS/Include -O0 -ffunction-sections -fdata-sections -Wall -fstack-usage -fcyclomatic-complexity -MMD -MP -MF"Drivers/STM32H7xx_HAL_Driver/stm32h7xx_hal_tim.d" -MT"Drivers/STM32H7xx_HAL_Driver/stm32h7xx_hal_tim.o" --specs=nano.specs -mfpu=fpv5-d16 -mfloat-abi=hard -mthumb -o "Drivers/STM32H7xx_HAL_Driver/stm32h7xx_hal_tim.o"
arm-none-eabi-gcc "C:/Users/rkdgu/STM32Cube/Repository/STM32Cube_FW_H7_V1.11.2/Drivers/STM32H7xx_HAL_Driver/Src/stm32h7xx_hal_tim_ex.c" -mcpu=cortex-m7 -std=gnu11 -g3 -DDEBUG -DUSE_HAL_DRIVER -DSTM32H743xx -c -I../Core/Inc -IC:/Users/rkdgu/STM32Cube/Repository/STM32Cube_FW_H7_V1.11.2/Drivers/STM32H7xx_HAL_Driver/Inc -IC:/Users/rkdgu/STM32Cube/Repository/STM32Cube_FW_H7_V1.11.2/Drivers/STM32H7xx_HAL_Driver/Inc/Legacy -IC:/Users/rkdgu/STM32Cube/Repository/STM32Cube_FW_H7_V1.11.2/Drivers/CMSIS/Device/ST/STM32H7xx/Include -IC:/Users/rkdgu/STM32Cube/Repository/STM32Cube_FW_H7_V1.11.2/Drivers/CMSIS/Include -O0 -ffunction-sections -fdata-sections -Wall -fstack-usage -fcyclomatic-complexity -MMD -MP -MF"Drivers/STM32H7xx_HAL_Driver/stm32h7xx_hal_tim_ex.d" -MT"Drivers/STM32H7xx_HAL_Driver/stm32h7xx_hal_tim_ex.o" --specs=nano.specs -mfpu=fpv5-d16 -mfloat-abi=hard -mthumb -o "Drivers/STM32H7xx_HAL_Driver/stm32h7xx_hal_tim_ex.o"
arm-none-eabi-gcc "C:/Users/rkdgu/STM32Cube/Repository/STM32Cube_FW_H7_V1.11.2/Drivers/STM32H7xx_HAL_Driver/Src/stm32h7xx_hal_uart.c" -mcpu=cortex-m7 -std=gnu11 -g3 -DDEBUG -DUSE_HAL_DRIVER -DSTM32H743xx -c -I../Core/Inc -IC:/Users/rkdgu/STM32Cube/Repository/STM32Cube_FW_H7_V1.11.2/Drivers/STM32H7xx_HAL_Driver/Inc -IC:/Users/rkdgu/STM32Cube/Repository/STM32Cube_FW_H7_V1.11.2/Drivers/STM32H7xx_HAL_Driver/Inc/Legacy -IC:/Users/rkdgu/STM32Cube/Repository/STM32Cube_FW_H7_V1.11.2/Drivers/CMSIS/Device/ST/STM32H7xx/Include -IC:/Users/rkdgu/STM32Cube/Repository/STM32Cube_FW_H7_V1.11.2/Drivers/CMSIS/Include -O0 -ffunction-sections -fdata-sections -Wall -fstack-usage -fcyclomatic-complexity -MMD -MP -MF"Drivers/STM32H7xx_HAL_Driver/stm32h7xx_hal_uart.d" -MT"Drivers/STM32H7xx_HAL_Driver/stm32h7xx_hal_uart.o" --specs=nano.specs -mfpu=fpv5-d16 -mfloat-abi=hard -mthumb -o "Drivers/STM32H7xx_HAL_Driver/stm32h7xx_hal_uart.o"
arm-none-eabi-gcc "C:/Users/rkdgu/STM32Cube/Repository/STM32Cube_FW_H7_V1.11.2/Drivers/STM32H7xx_HAL_Driver/Src/stm32h7xx_hal_uart_ex.c" -mcpu=cortex-m7 -std=gnu11 -g3 -DDEBUG -DUSE_HAL_DRIVER -DSTM32H743xx -c -I../Core/Inc -IC:/Users/rkdgu/STM32Cube/Repository/STM32Cube_FW_H7_V1.11.2/Drivers/STM32H7xx_HAL_Driver/Inc -IC:/Users/rkdgu/STM32Cube/Repository/STM32Cube_FW_H7_V1.11.2/Drivers/STM32H7xx_HAL_Driver/Inc/Legacy -IC:/Users/rkdgu/STM32Cube/Repository/STM32Cube_FW_H7_V1.11.2/Drivers/CMSIS/Device/ST/STM32H7xx/Include -IC:/Users/rkdgu/STM32Cube/Repository/STM32Cube_FW_H7_V1.11.2/Drivers/CMSIS/Include -O0 -ffunction-sections -fdata-sections -Wall -fstack-usage -fcyclomatic-complexity -MMD -MP -MF"Drivers/STM32H7xx_HAL_Driver/stm32h7xx_hal_uart_ex.d" -MT"Drivers/STM32H7xx_HAL_Driver/stm32h7xx_hal_uart_ex.o" --specs=nano.specs -mfpu=fpv5-d16 -mfloat-abi=hard -mthumb -o "Drivers/STM32H7xx_HAL_Driver/stm32h7xx_hal_uart_ex.o"
arm-none-eabi-gcc "C:/Users/rkdgu/STM32Cube/Repository/STM32Cube_FW_H7_V1.11.2/Drivers/STM32H7xx_HAL_Driver/Src/stm32h7xx_ll_delayblock.c" -mcpu=cortex-m7 -std=gnu11 -g3 -DDEBUG -DUSE_HAL_DRIVER -DSTM32H743xx -c -I../Core/Inc -IC:/Users/rkdgu/STM32Cube/Repository/STM32Cube_FW_H7_V1.11.2/Drivers/STM32H7xx_HAL_Driver/Inc -IC:/Users/rkdgu/STM32Cube/Repository/STM32Cube_FW_H7_V1.11.2/Drivers/STM32H7xx_HAL_Driver/Inc/Legacy -IC:/Users/rkdgu/STM32Cube/Repository/STM32Cube_FW_H7_V1.11.2/Drivers/CMSIS/Device/ST/STM32H7xx/Include -IC:/Users/rkdgu/STM32Cube/Repository/STM32Cube_FW_H7_V1.11.2/Drivers/CMSIS/Include -O0 -ffunction-sections -fdata-sections -Wall -fstack-usage -fcyclomatic-complexity -MMD -MP -MF"Drivers/STM32H7xx_HAL_Driver/stm32h7xx_ll_delayblock.d" -MT"Drivers/STM32H7xx_HAL_Driver/stm32h7xx_ll_delayblock.o" --specs=nano.specs -mfpu=fpv5-d16 -mfloat-abi=hard -mthumb -o "Drivers/STM32H7xx_HAL_Driver/stm32h7xx_ll_delayblock.o"
arm-none-eabi-gcc "C:/Users/rkdgu/STM32Cube/Repository/STM32Cube_FW_H7_V1.11.2/Drivers/STM32H7xx_HAL_Driver/Src/stm32h7xx_ll_sdmmc.c" -mcpu=cortex-m7 -std=gnu11 -g3 -DDEBUG -DUSE_HAL_DRIVER -DSTM32H743xx -c -I../Core/Inc -IC:/Users/rkdgu/STM32Cube/Repository/STM32Cube_FW_H7_V1.11.2/Drivers/STM32H7xx_HAL_Driver/Inc -IC:/Users/rkdgu/STM32Cube/Repository/STM32Cube_FW_H7_V1.11.2/Drivers/STM32H7xx_HAL_Driver/Inc/Legacy -IC:/Users/rkdgu/STM32Cube/Repository/STM32Cube_FW_H7_V1.11.2/Drivers/CMSIS/Device/ST/STM32H7xx/Include -IC:/Users/rkdgu/STM32Cube/Repository/STM32Cube_FW_H7_V1.11.2/Drivers/CMSIS/Include -O0 -ffunction-sections -fdata-sections -Wall -fstack-usage -fcyclomatic-complexity -MMD -MP -MF"Drivers/STM32H7xx_HAL_Driver/stm32h7xx_ll_sdmmc.d" -MT"Drivers/STM32H7xx_HAL_Driver/stm32h7xx_ll_sdmmc.o" --specs=nano.specs -mfpu=fpv5-d16 -mfloat-abi=hard -mthumb -o "Drivers/STM32H7xx_HAL_Driver/stm32h7xx_ll_sdmmc.o"
arm-none-eabi-gcc -mcpu=cortex-m7 -g3 -DDEBUG -c -x assembler-with-cpp -MMD -MP -MF"Core/Startup/startup_stm32h743xihx.d" -MT"Core/Startup/startup_stm32h743xihx.o" --specs=nano.specs -mfpu=fpv5-d16 -mfloat-abi=hard -mthumb -o "Core/Startup/startup_stm32h743xihx.o" "../Core/Startup/startup_stm32h743xihx.s"
arm-none-eabi-gcc "../Core/Src/main.c" -mcpu=cortex-m7 -std=gnu11 -g3 -DDEBUG -DUSE_HAL_DRIVER -DSTM32H743xx -c -I../Core/Inc -IC:/Users/rkdgu/STM32Cube/Repository/STM32Cube_FW_H7_V1.11.2/Drivers/STM32H7xx_HAL_Driver/Inc -IC:/Users/rkdgu/STM32Cube/Repository/STM32Cube_FW_H7_V1.11.2/Drivers/STM32H7xx_HAL_Driver/Inc/Legacy -IC:/Users/rkdgu/STM32Cube/Repository/STM32Cube_FW_H7_V1.11.2/Drivers/CMSIS/Device/ST/STM32H7xx/Include -IC:/Users/rkdgu/STM32Cube/Repository/STM32Cube_FW_H7_V1.11.2/Drivers/CMSIS/Include -O0 -ffunction-sections -fdata-sections -Wall -fstack-usage -fcyclomatic-complexity -MMD -MP -MF"Core/Src/main.d" -MT"Core/Src/main.o" --specs=nano.specs -mfpu=fpv5-d16 -mfloat-abi=hard -mthumb -o "Core/Src/main.o"
arm-none-eabi-gcc "../Core/Src/stm32h7xx_hal_msp.c" -mcpu=cortex-m7 -std=gnu11 -g3 -DDEBUG -DUSE_HAL_DRIVER -DSTM32H743xx -c -I../Core/Inc -IC:/Users/rkdgu/STM32Cube/Repository/STM32Cube_FW_H7_V1.11.2/Drivers/STM32H7xx_HAL_Driver/Inc -IC:/Users/rkdgu/STM32Cube/Repository/STM32Cube_FW_H7_V1.11.2/Drivers/STM32H7xx_HAL_Driver/Inc/Legacy -IC:/Users/rkdgu/STM32Cube/Repository/STM32Cube_FW_H7_V1.11.2/Drivers/CMSIS/Device/ST/STM32H7xx/Include -IC:/Users/rkdgu/STM32Cube/Repository/STM32Cube_FW_H7_V1.11.2/Drivers/CMSIS/Include -O0 -ffunction-sections -fdata-sections -Wall -fstack-usage -fcyclomatic-complexity -MMD -MP -MF"Core/Src/stm32h7xx_hal_msp.d" -MT"Core/Src/stm32h7xx_hal_msp.o" --specs=nano.specs -mfpu=fpv5-d16 -mfloat-abi=hard -mthumb -o "Core/Src/stm32h7xx_hal_msp.o"
arm-none-eabi-gcc "../Core/Src/stm32h7xx_it.c" -mcpu=cortex-m7 -std=gnu11 -g3 -DDEBUG -DUSE_HAL_DRIVER -DSTM32H743xx -c -I../Core/Inc -IC:/Users/rkdgu/STM32Cube/Repository/STM32Cube_FW_H7_V1.11.2/Drivers/STM32H7xx_HAL_Driver/Inc -IC:/Users/rkdgu/STM32Cube/Repository/STM32Cube_FW_H7_V1.11.2/Drivers/STM32H7xx_HAL_Driver/Inc/Legacy -IC:/Users/rkdgu/STM32Cube/Repository/STM32Cube_FW_H7_V1.11.2/Drivers/CMSIS/Device/ST/STM32H7xx/Include -IC:/Users/rkdgu/STM32Cube/Repository/STM32Cube_FW_H7_V1.11.2/Drivers/CMSIS/Include -O0 -ffunction-sections -fdata-sections -Wall -fstack-usage -fcyclomatic-complexity -MMD -MP -MF"Core/Src/stm32h7xx_it.d" -MT"Core/Src/stm32h7xx_it.o" --specs=nano.specs -mfpu=fpv5-d16 -mfloat-abi=hard -mthumb -o "Core/Src/stm32h7xx_it.o"
arm-none-eabi-gcc "../Core/Src/syscalls.c" -mcpu=cortex-m7 -std=gnu11 -g3 -DDEBUG -DUSE_HAL_DRIVER -DSTM32H743xx -c -I../Core/Inc -IC:/Users/rkdgu/STM32Cube/Repository/STM32Cube_FW_H7_V1.11.2/Drivers/STM32H7xx_HAL_Driver/Inc -IC:/Users/rkdgu/STM32Cube/Repository/STM32Cube_FW_H7_V1.11.2/Drivers/STM32H7xx_HAL_Driver/Inc/Legacy -IC:/Users/rkdgu/STM32Cube/Repository/STM32Cube_FW_H7_V1.11.2/Drivers/CMSIS/Device/ST/STM32H7xx/Include -IC:/Users/rkdgu/STM32Cube/Repository/STM32Cube_FW_H7_V1.11.2/Drivers/CMSIS/Include -O0 -ffunction-sections -fdata-sections -Wall -fstack-usage -fcyclomatic-complexity -MMD -MP -MF"Core/Src/syscalls.d" -MT"Core/Src/syscalls.o" --specs=nano.specs -mfpu=fpv5-d16 -mfloat-abi=hard -mthumb -o "Core/Src/syscalls.o"
arm-none-eabi-gcc "../Core/Src/sysmem.c" -mcpu=cortex-m7 -std=gnu11 -g3 -DDEBUG -DUSE_HAL_DRIVER -DSTM32H743xx -c -I../Core/Inc -IC:/Users/rkdgu/STM32Cube/Repository/STM32Cube_FW_H7_V1.11.2/Drivers/STM32H7xx_HAL_Driver/Inc -IC:/Users/rkdgu/STM32Cube/Repository/STM32Cube_FW_H7_V1.11.2/Drivers/STM32H7xx_HAL_Driver/Inc/Legacy -IC:/Users/rkdgu/STM32Cube/Repository/STM32Cube_FW_H7_V1.11.2/Drivers/CMSIS/Device/ST/STM32H7xx/Include -IC:/Users/rkdgu/STM32Cube/Repository/STM32Cube_FW_H7_V1.11.2/Drivers/CMSIS/Include -O0 -ffunction-sections -fdata-sections -Wall -fstack-usage -fcyclomatic-complexity -MMD -MP -MF"Core/Src/sysmem.d" -MT"Core/Src/sysmem.o" --specs=nano.specs -mfpu=fpv5-d16 -mfloat-abi=hard -mthumb -o "Core/Src/sysmem.o"
arm-none-eabi-gcc "../Core/Src/system_stm32h7xx.c" -mcpu=cortex-m7 -std=gnu11 -g3 -DDEBUG -DUSE_HAL_DRIVER -DSTM32H743xx -c -I../Core/Inc -IC:/Users/rkdgu/STM32Cube/Repository/STM32Cube_FW_H7_V1.11.2/Drivers/STM32H7xx_HAL_Driver/Inc -IC:/Users/rkdgu/STM32Cube/Repository/STM32Cube_FW_H7_V1.11.2/Drivers/STM32H7xx_HAL_Driver/Inc/Legacy -IC:/Users/rkdgu/STM32Cube/Repository/STM32Cube_FW_H7_V1.11.2/Drivers/CMSIS/Device/ST/STM32H7xx/Include -IC:/Users/rkdgu/STM32Cube/Repository/STM32Cube_FW_H7_V1.11.2/Drivers/CMSIS/Include -O0 -ffunction-sections -fdata-sections -Wall -fstack-usage -fcyclomatic-complexity -MMD -MP -MF"Core/Src/system_stm32h7xx.d" -MT"Core/Src/system_stm32h7xx.o" --specs=nano.specs -mfpu=fpv5-d16 -mfloat-abi=hard -mthumb -o "Core/Src/system_stm32h7xx.o"
arm-none-eabi-gcc -o "STM32H743XIH6_SOM_Bd.elf" @"objects.list"   -mcpu=cortex-m7 -T"C:\Onedrive\04_Development\01_Project\Active\07_STM32H743XIH6_SOM_Bd\Proj-STM32H743XIH6_SOM_Bd\Rev_A\02_FW\STM32H743XIH6_SOM_Bd_FW\STM32H743XIH6_SOM_Bd\STM32H743XIHX_FLASH.ld" --specs=nosys.specs -Wl,-Map="STM32H743XIH6_SOM_Bd.map" -Wl,--gc-sections -static --specs=nano.specs -mfpu=fpv5-d16 -mfloat-abi=hard -mthumb -Wl,--start-group -lc -lm -Wl,--end-group
Finished building target: STM32H743XIH6_SOM_Bd.elf
 
arm-none-eabi-size  STM32H743XIH6_SOM_Bd.elf 
arm-none-eabi-objdump -h -S STM32H743XIH6_SOM_Bd.elf  > "STM32H743XIH6_SOM_Bd.list"
   text	   data	    bss	    dec	    hex	filename
  41020	     24	   3032	  44076	   ac2c	STM32H743XIH6_SOM_Bd.elf
Finished building: default.size.stdout
 
Finished building: STM32H743XIH6_SOM_Bd.list
 
